<?xml version="1.0" encoding="UTF-8"?>
<testng-results ignored="0" total="11" passed="11" failed="0" skipped="0">
  <reporter-output>
  </reporter-output>
  <suite started-at="2023-10-26T22:55:29 IST" name="Gradle suite" finished-at="2023-10-26T23:01:34 IST" duration-ms="365789">
    <groups>
      <group name="Regression_Test">
        <method signature="QKART_Tests.TestCase04()[pri:4, instance:QKART_TESTNG.QKART_Tests@545f2131]" name="TestCase04" class="QKART_TESTNG.QKART_Tests"/>
        <method signature="QKART_Tests.TestCase06()[pri:6, instance:QKART_TESTNG.QKART_Tests@545f2131]" name="TestCase06" class="QKART_TESTNG.QKART_Tests"/>
        <method signature="QKART_Tests.TestCase07()[pri:7, instance:QKART_TESTNG.QKART_Tests@545f2131]" name="TestCase07" class="QKART_TESTNG.QKART_Tests"/>
        <method signature="QKART_Tests.TestCase08()[pri:8, instance:QKART_TESTNG.QKART_Tests@545f2131]" name="TestCase08" class="QKART_TESTNG.QKART_Tests"/>
        <method signature="QKART_Tests.TestCase09()[pri:9, instance:QKART_TESTNG.QKART_Tests@545f2131]" name="TestCase09" class="QKART_TESTNG.QKART_Tests"/>
      </group> <!-- Regression_Test -->
      <group name="Sanity_test">
        <method signature="QKART_Tests.TestCase01()[pri:1, instance:QKART_TESTNG.QKART_Tests@545f2131]" name="TestCase01" class="QKART_TESTNG.QKART_Tests"/>
        <method signature="QKART_Tests.TestCase02()[pri:2, instance:QKART_TESTNG.QKART_Tests@545f2131]" name="TestCase02" class="QKART_TESTNG.QKART_Tests"/>
        <method signature="QKART_Tests.TestCase03()[pri:3, instance:QKART_TESTNG.QKART_Tests@545f2131]" name="TestCase03" class="QKART_TESTNG.QKART_Tests"/>
        <method signature="QKART_Tests.TestCase05()[pri:5, instance:QKART_TESTNG.QKART_Tests@545f2131]" name="TestCase05" class="QKART_TESTNG.QKART_Tests"/>
        <method signature="QKART_Tests.TestCase10()[pri:10, instance:QKART_TESTNG.QKART_Tests@545f2131]" name="TestCase10" class="QKART_TESTNG.QKART_Tests"/>
        <method signature="QKART_Tests.TestCase11()[pri:11, instance:QKART_TESTNG.QKART_Tests@545f2131]" name="TestCase11" class="QKART_TESTNG.QKART_Tests"/>
      </group> <!-- Sanity_test -->
    </groups>
    <test started-at="2023-10-26T22:55:29 IST" name="Gradle test" finished-at="2023-10-26T23:01:34 IST" duration-ms="365789">
      <class name="QKART_TESTNG.QKART_Tests">
        <test-method is-config="true" signature="createDriver()[pri:0, instance:QKART_TESTNG.QKART_Tests@545f2131]" started-at="2023-10-26T22:55:24 IST" name="createDriver" finished-at="2023-10-26T22:55:29 IST" duration-ms="4282" status="PASS">
          <reporter-output>
          </reporter-output>
        </test-method> <!-- createDriver -->
        <test-method signature="TestCase01()[pri:1, instance:QKART_TESTNG.QKART_Tests@545f2131]" started-at="2023-10-26T22:55:29 IST" name="TestCase01" finished-at="2023-10-26T22:55:37 IST" duration-ms="8694" status="PASS">
          <reporter-output>
          </reporter-output>
        </test-method> <!-- TestCase01 -->
        <test-method signature="TestCase02()[pri:2, instance:QKART_TESTNG.QKART_Tests@545f2131]" started-at="2023-10-26T22:55:37 IST" name="TestCase02" finished-at="2023-10-26T22:56:13 IST" duration-ms="35165" status="PASS">
          <reporter-output>
          </reporter-output>
        </test-method> <!-- TestCase02 -->
        <test-method signature="TestCase03()[pri:3, instance:QKART_TESTNG.QKART_Tests@545f2131]" started-at="2023-10-26T22:56:13 IST" name="TestCase03" finished-at="2023-10-26T22:57:14 IST" duration-ms="61434" status="PASS">
          <reporter-output>
          </reporter-output>
        </test-method> <!-- TestCase03 -->
        <test-method signature="TestCase04()[pri:4, instance:QKART_TESTNG.QKART_Tests@545f2131]" started-at="2023-10-26T22:57:14 IST" name="TestCase04" finished-at="2023-10-26T22:57:30 IST" duration-ms="16200" status="PASS">
          <reporter-output>
          </reporter-output>
        </test-method> <!-- TestCase04 -->
        <test-method signature="TestCase05()[pri:5, instance:QKART_TESTNG.QKART_Tests@545f2131]" started-at="2023-10-26T22:57:30 IST" name="TestCase05" finished-at="2023-10-26T22:57:52 IST" duration-ms="21844" status="PASS">
          <reporter-output>
          </reporter-output>
        </test-method> <!-- TestCase05 -->
        <test-method signature="TestCase06()[pri:6, instance:QKART_TESTNG.QKART_Tests@545f2131]" started-at="2023-10-26T22:57:52 IST" name="TestCase06" finished-at="2023-10-26T22:59:33 IST" duration-ms="101087" status="PASS">
          <reporter-output>
          </reporter-output>
        </test-method> <!-- TestCase06 -->
        <test-method signature="TestCase07()[pri:7, instance:QKART_TESTNG.QKART_Tests@545f2131]" started-at="2023-10-26T22:59:33 IST" name="TestCase07" finished-at="2023-10-26T23:00:15 IST" duration-ms="41587" status="PASS">
          <reporter-output>
          </reporter-output>
        </test-method> <!-- TestCase07 -->
        <test-method signature="TestCase08()[pri:8, instance:QKART_TESTNG.QKART_Tests@545f2131]" started-at="2023-10-26T23:00:15 IST" name="TestCase08" finished-at="2023-10-26T23:00:59 IST" duration-ms="44344" status="PASS">
          <reporter-output>
          </reporter-output>
        </test-method> <!-- TestCase08 -->
        <test-method signature="TestCase09()[pri:9, instance:QKART_TESTNG.QKART_Tests@545f2131]" started-at="2023-10-26T23:00:59 IST" name="TestCase09" finished-at="2023-10-26T23:01:09 IST" duration-ms="9492" status="PASS">
          <reporter-output>
          </reporter-output>
        </test-method> <!-- TestCase09 -->
        <test-method signature="TestCase10()[pri:10, instance:QKART_TESTNG.QKART_Tests@545f2131]" started-at="2023-10-26T23:01:09 IST" name="TestCase10" finished-at="2023-10-26T23:01:11 IST" duration-ms="2733" status="PASS">
          <reporter-output>
          </reporter-output>
        </test-method> <!-- TestCase10 -->
        <test-method signature="TestCase11()[pri:11, instance:QKART_TESTNG.QKART_Tests@545f2131]" started-at="2023-10-26T23:01:11 IST" name="TestCase11" finished-at="2023-10-26T23:01:34 IST" duration-ms="23031" status="PASS">
          <reporter-output>
          </reporter-output>
        </test-method> <!-- TestCase11 -->
        <test-method is-config="true" signature="quitDriver()[pri:0, instance:QKART_TESTNG.QKART_Tests@545f2131]" started-at="2023-10-26T23:01:35 IST" name="quitDriver" finished-at="2023-10-26T23:01:35 IST" duration-ms="58" status="PASS">
          <reporter-output>
          </reporter-output>
        </test-method> <!-- quitDriver -->
      </class> <!-- QKART_TESTNG.QKART_Tests -->
    </test> <!-- Gradle test -->
  </suite> <!-- Gradle suite -->
</testng-results>
